### Starting TaskPrologue of job 1786346 on tg080 at Fri Aug 21 10:21:32 AM CEST 2026
Running on cores 4-5,20-21,36-37,52-53 with governor powersave
Fri Aug 21 10:21:32 2026       
+-----------------------------------------------------------------------------------------+
| NVIDIA-SMI 610.43.02              KMD Version: 610.43.02     CUDA UMD Version: 13.3     |
+-----------------------------------------+------------------------+----------------------+
| GPU  Name                 Persistence-M | Bus-Id          Disp.A | Volatile Uncorr. ECC |
| Fan  Temp   Perf          Pwr:Usage/Cap |           Memory-Usage | GPU-Util  Compute M. |
|                                         |                        |               MIG M. |
|=========================================+========================+======================|
|   0  NVIDIA GeForce RTX 3080        On  |   00000000:3D:00.0 Off |                  N/A |
| 30%   35C    P8             18W /  300W |       1MiB /  10240MiB |      0%      Default |
|                                         |                        |                  N/A |
+-----------------------------------------+------------------------+----------------------+

+-----------------------------------------------------------------------------------------+
| Processes:                                                                              |
|  GPU   GI   CI              PID   Type   Process name                        GPU Memory |
|        ID   ID                                                               Usage      |
|=========================================================================================|
|  No running processes found                                                             |
+-----------------------------------------------------------------------------------------+
### Finished TaskPrologue

/home/woody/iwnt/iwnt174h/thesis_dino/code/torch_hub/hub/facebookresearch_dinov2_main/dinov2/layers/swiglu_ffn.py:51: UserWarning: xFormers is not available (SwiGLU)
  warnings.warn("xFormers is not available (SwiGLU)")
/home/woody/iwnt/iwnt174h/thesis_dino/code/torch_hub/hub/facebookresearch_dinov2_main/dinov2/layers/attention.py:33: UserWarning: xFormers is not available (Attention)
  warnings.warn("xFormers is not available (Attention)")
/home/woody/iwnt/iwnt174h/thesis_dino/code/torch_hub/hub/facebookresearch_dinov2_main/dinov2/layers/block.py:40: UserWarning: xFormers is not available (Block)
  warnings.warn("xFormers is not available (Block)")
/home/woody/iwnt/iwnt174h/thesis_dino/code/Restormer/basicsr/models/archs/dinov2_feature_extractor.py:117: FutureWarning: You are using `torch.load` with `weights_only=False` (the current default value), which uses the default pickle module implicitly. It is possible to construct malicious pickle data which will execute arbitrary code during unpickling (See https://github.com/pytorch/pytorch/blob/main/SECURITY.md#untrusted-models for more details). In a future release, the default value for `weights_only` will be flipped to `True`. This limits the functions that could be executed during unpickling. Arbitrary objects will no longer be allowed to be loaded via this mode unless they are explicitly allowlisted by the user via `torch.serialization.add_safe_globals`. We recommend you start setting `weights_only=True` for any use case where you don't have full control of the loaded file. Please open an issue on GitHub for any issues related to this experimental feature.
  sd = torch.load(weights, map_location='cpu')
  DINO mode eval256 -> mean buffer mu_eval256, path /home/woody/iwnt/iwnt174h/thesis_dino/code/Restormer/dino_analysis_phases/phase3_restoration/means/render_B6_eval256_dino448_mean.pt
    50/339
    100/339
    150/339
    200/339
    250/339
    300/339
    339/339

  predictions -> dino_analysis_phases/phase4_crossattn_diagnosis/outputs/full256_lastckpt_178000/full256_val/raw
  targets     -> /home/woody/iwnt/iwnt174h/thesis_dino/holographic_image_dataset/val_clean
  inputs      -> /home/woody/iwnt/iwnt174h/thesis_dino/holographic_image_dataset/val_verynoisy
  metadata    -> dino_analysis_phases/phase4_crossattn_diagnosis/outputs/full256_lastckpt_178000/full256_val/predict_metadata.json
===== masked metrics, net_g_178000, full256/val =====
339 images | mean foreground coverage: 32.5% (threshold=0.01, close=0, dilate=0)

Metric              Full image     Masked (foreground)
PSNR     14.5170 +/- 2.2870 dB   12.9932 +/- 2.0616 dB
SSIM         0.4672 +/- 0.1005       0.3834 +/- 0.1383

Per-image CSV -> /home/woody/iwnt/iwnt174h/thesis_dino/code/Restormer/dino_analysis_phases/phase4_crossattn_diagnosis/outputs/full256_val_ckpt178000.csv
/home/woody/iwnt/iwnt174h/thesis_dino/code/torch_hub/hub/facebookresearch_dinov2_main/dinov2/layers/swiglu_ffn.py:51: UserWarning: xFormers is not available (SwiGLU)
  warnings.warn("xFormers is not available (SwiGLU)")
/home/woody/iwnt/iwnt174h/thesis_dino/code/torch_hub/hub/facebookresearch_dinov2_main/dinov2/layers/attention.py:33: UserWarning: xFormers is not available (Attention)
  warnings.warn("xFormers is not available (Attention)")
/home/woody/iwnt/iwnt174h/thesis_dino/code/torch_hub/hub/facebookresearch_dinov2_main/dinov2/layers/block.py:40: UserWarning: xFormers is not available (Block)
  warnings.warn("xFormers is not available (Block)")
/home/woody/iwnt/iwnt174h/thesis_dino/code/Restormer/basicsr/models/archs/dinov2_feature_extractor.py:117: FutureWarning: You are using `torch.load` with `weights_only=False` (the current default value), which uses the default pickle module implicitly. It is possible to construct malicious pickle data which will execute arbitrary code during unpickling (See https://github.com/pytorch/pytorch/blob/main/SECURITY.md#untrusted-models for more details). In a future release, the default value for `weights_only` will be flipped to `True`. This limits the functions that could be executed during unpickling. Arbitrary objects will no longer be allowed to be loaded via this mode unless they are explicitly allowlisted by the user via `torch.serialization.add_safe_globals`. We recommend you start setting `weights_only=True` for any use case where you don't have full control of the loaded file. Please open an issue on GitHub for any issues related to this experimental feature.
  sd = torch.load(weights, map_location='cpu')
  DINO mode eval256 -> mean buffer mu_eval256, path /home/woody/iwnt/iwnt174h/thesis_dino/code/Restormer/dino_analysis_phases/phase3_restoration/means/render_B6_eval256_dino448_mean.pt
    50/339
    100/339
    150/339
    200/339
    250/339
    300/339
    339/339

  predictions -> dino_analysis_phases/phase4_crossattn_diagnosis/outputs/full256_lastckpt_4000/full256_val/raw
  targets     -> /home/woody/iwnt/iwnt174h/thesis_dino/holographic_image_dataset/val_clean
  inputs      -> /home/woody/iwnt/iwnt174h/thesis_dino/holographic_image_dataset/val_verynoisy
  metadata    -> dino_analysis_phases/phase4_crossattn_diagnosis/outputs/full256_lastckpt_4000/full256_val/predict_metadata.json
===== masked metrics, net_g_4000, full256/val =====
339 images | mean foreground coverage: 32.5% (threshold=0.01, close=0, dilate=0)

Metric              Full image     Masked (foreground)
PSNR     18.5634 +/- 2.4186 dB   15.8782 +/- 2.1834 dB
SSIM         0.6404 +/- 0.1128       0.4896 +/- 0.1297

Per-image CSV -> /home/woody/iwnt/iwnt174h/thesis_dino/code/Restormer/dino_analysis_phases/phase4_crossattn_diagnosis/outputs/full256_val_ckpt4000.csv
=== JOB_STATISTICS ===
=== current date     : Fri Aug 21 10:23:37 AM CEST 2026
= Job-ID             : 1786346 on tinygpu
= Job-Name           : p4_xatt_full256
= Job-Command        : /home/woody/iwnt/iwnt174h/thesis_dino/code/Restormer/dino_analysis_phases/phase4_crossattn_diagnosis/scripts/run_full256_lastckpt.sh
= Initial workdir    : /home/woody/iwnt/iwnt174h/thesis_dino/code/Restormer
= Queue/Partition    : rtx3080
= Slurm account      : iwnt with QOS=normal
= Requested resources:  for 00:40:00
= Elapsed runtime    : 00:02:06
= Total RAM usage    : 2.0 GiB of requested  GiB (%)   
= Node list          : tg080
= Subm/Elig/Start/End: 2026-08-21T10:21:08 / 2026-08-21T10:21:08 / 2026-08-21T10:21:30 / 2026-08-21T10:23:36
======================
=== Quota infos ======
    Path                 Used     SoftQ    HardQ    Gracetime  Filec    FileQ    FiHaQ    FileGrace    
    /home/hpc              28.0G   104.9G   209.7G        N/A  45,606      500K   1,000K        N/A    
    /home/vault             0.0K  1048.6G  2097.2G        N/A       1      200K     400K        N/A    
    /home/woody           562.5G  1000.0G  1500.0G        N/A     198K   5,000K   7,500K        N/A    
======================
=== GPU utilization ==
gpu_name, gpu_bus_id, pid, gpu_utilization [%], mem_utilization [%], max_memory_usage [MiB], time [ms]
NVIDIA GeForce RTX 3080, 00000000:3D:00.0, 2868415, 83 %, 41 %, 1422 MiB, 50049 ms
NVIDIA GeForce RTX 3080, 00000000:3D:00.0, 2868491, 83 %, 41 %, 1422 MiB, 49840 ms
