### Starting TaskPrologue of job 1786341 on tg080 at Fri Aug 21 10:17:33 AM CEST 2026
Running on cores 4-5,20-21,36-37,52-53 with governor powersave
Fri Aug 21 10:17:33 2026       
+-----------------------------------------------------------------------------------------+
| NVIDIA-SMI 610.43.02              KMD Version: 610.43.02     CUDA UMD Version: 13.3     |
+-----------------------------------------+------------------------+----------------------+
| GPU  Name                 Persistence-M | Bus-Id          Disp.A | Volatile Uncorr. ECC |
| Fan  Temp   Perf          Pwr:Usage/Cap |           Memory-Usage | GPU-Util  Compute M. |
|                                         |                        |               MIG M. |
|=========================================+========================+======================|
|   0  NVIDIA GeForce RTX 3080        On  |   00000000:3D:00.0 Off |                  N/A |
| 30%   33C    P8             18W /  300W |       1MiB /  10240MiB |      0%      Default |
|                                         |                        |                  N/A |
+-----------------------------------------+------------------------+----------------------+

+-----------------------------------------------------------------------------------------+
| Processes:                                                                              |
|  GPU   GI   CI              PID   Type   Process name                        GPU Memory |
|        ID   ID                                                               Usage      |
|=========================================================================================|
|  No running processes found                                                             |
+-----------------------------------------------------------------------------------------+
### Finished TaskPrologue

val: 339 matched-128 crops from matched128_val.csv
different-scene control: cyclic shift by 1, 0060 <- render of 0072, no fixed points
/home/woody/iwnt/iwnt174h/thesis_dino/code/torch_hub/hub/facebookresearch_dinov2_main/dinov2/layers/swiglu_ffn.py:51: UserWarning: xFormers is not available (SwiGLU)
  warnings.warn("xFormers is not available (SwiGLU)")
/home/woody/iwnt/iwnt174h/thesis_dino/code/torch_hub/hub/facebookresearch_dinov2_main/dinov2/layers/attention.py:33: UserWarning: xFormers is not available (Attention)
  warnings.warn("xFormers is not available (Attention)")
/home/woody/iwnt/iwnt174h/thesis_dino/code/torch_hub/hub/facebookresearch_dinov2_main/dinov2/layers/block.py:40: UserWarning: xFormers is not available (Block)
  warnings.warn("xFormers is not available (Block)")
/home/woody/iwnt/iwnt174h/thesis_dino/code/Restormer/basicsr/models/archs/dinov2_feature_extractor.py:117: FutureWarning: You are using `torch.load` with `weights_only=False` (the current default value), which uses the default pickle module implicitly. It is possible to construct malicious pickle data which will execute arbitrary code during unpickling (See https://github.com/pytorch/pytorch/blob/main/SECURITY.md#untrusted-models for more details). In a future release, the default value for `weights_only` will be flipped to `True`. This limits the functions that could be executed during unpickling. Arbitrary objects will no longer be allowed to be loaded via this mode unless they are explicitly allowlisted by the user via `torch.serialization.add_safe_globals`. We recommend you start setting `weights_only=True` for any use case where you don't have full control of the loaded file. Please open an issue on GitHub for any issues related to this experimental feature.
  sd = torch.load(weights, map_location='cpu')

SELF-CHECK against the published crop128/val evaluation:
  E0 268k          got 19.8162  published 19.8160  delta +0.0002  -> PASS
  crossattn 4k     got 18.2845  published 18.2840  delta +0.0005  -> PASS

null-intervention equivalence: max|orig - patched| = 4.349e-04 on a tensor of max |value| 257.7  ->  relative 1.69e-06  PASS

B1 — fraction of queries whose argmax key MOVES when the render is from another scene
    head   changed   diag_mass(178k)
       0     0.983             0.017
       1     0.908             0.097
       2     0.617             0.471
       3     0.924             0.081
       4     0.016             0.933
       5     0.976             0.008
     all     0.737

B2 — temperature sweep
  T=2              psnr  21.814   entropy  0.276   diag_mass 0.2655
  T=4              psnr  21.812   entropy  0.591   diag_mass 0.2574
  T=8              psnr  21.789   entropy  1.290   diag_mass 0.2203
  T=16             psnr  21.529   entropy  2.615   diag_mass 0.1252
  T=inf (uniform)  psnr  13.803   entropy  5.545   diag_mass 0.0039

========================================================================================
condition                              PSNR   masked    SSIM   vs 178k    vs E0
========================================================================================
E0-Fixed 268k (no DINO)              19.816   17.806  0.6761    -1.996   +0.000
crossattn 4k (best val)              18.284   16.262  0.5784    -3.528   -1.532
crossattn 178k UNMODIFIED            21.812   19.829  0.7289    +0.000   +1.996
B1  wrong-scene render               10.664    9.038  0.3183   -11.148   -9.152
B2  T=2                              21.814   19.831  0.7289    +0.002   +1.998
B2  T=4                              21.812   19.830  0.7289    +0.000   +1.996
B2  T=8                              21.789   19.814  0.7285    -0.023   +1.973
B2  T=16                             21.529   19.596  0.7207    -0.283   +1.713
B2  T=inf (uniform)                  13.803   11.661  0.5155    -8.009   -6.013
B3  attn = identity                  21.700   19.740  0.7254    -0.112   +1.884
B4  zero heads [0, 5]                21.787   19.813  0.7279    -0.025   +1.970
B4  zero heads [0, 1, 3, 5]          21.734   19.798  0.7251    -0.079   +1.917
========================================================================================
n=339, crop128/val, uint16 PSNR (data_range 1.0). "vs 178k" is against the unmodified checkpoint.

wrote /home/woody/iwnt/iwnt174h/thesis_dino/code/Restormer/dino_analysis_phases/phase4_crossattn_diagnosis/outputs/B_interventions.png
wrote /home/woody/iwnt/iwnt174h/thesis_dino/code/Restormer/dino_analysis_phases/phase4_crossattn_diagnosis/outputs/interventions.json
=== JOB_STATISTICS ===
=== current date     : Fri Aug 21 10:19:36 AM CEST 2026
= Job-ID             : 1786341 on tinygpu
= Job-Name           : p4_xatt_probe
= Job-Command        : /home/woody/iwnt/iwnt174h/thesis_dino/code/Restormer/dino_analysis_phases/phase4_crossattn_diagnosis/scripts/run_interventions.sh
= Initial workdir    : /home/woody/iwnt/iwnt174h/thesis_dino/code/Restormer
= Queue/Partition    : rtx3080
= Slurm account      : iwnt with QOS=normal
= Requested resources:  for 01:00:00
= Elapsed runtime    : 00:02:06
= Total RAM usage    : 3.0 GiB of requested  GiB (%)   
= Node list          : tg080
= Subm/Elig/Start/End: 2026-08-21T10:17:10 / 2026-08-21T10:17:10 / 2026-08-21T10:17:30 / 2026-08-21T10:19:36
======================
=== Quota infos ======
    Path                 Used     SoftQ    HardQ    Gracetime  Filec    FileQ    FiHaQ    FileGrace    
    /home/hpc              28.0G   104.9G   209.7G        N/A  45,606      500K   1,000K        N/A    
    /home/vault             0.0K  1048.6G  2097.2G        N/A       1      200K     400K        N/A    
    /home/woody           562.4G  1000.0G  1500.0G        N/A     197K   5,000K   7,500K        N/A    
======================
=== GPU utilization ==
gpu_name, gpu_bus_id, pid, gpu_utilization [%], mem_utilization [%], max_memory_usage [MiB], time [ms]
NVIDIA GeForce RTX 3080, 00000000:3D:00.0, 2868138, 86 %, 56 %, 2260 MiB, 109656 ms
